// Jest Snapshot v1, https://goo.gl/fbAQLP

exports[`Entity should render correctly 1`] = `
<div>
  <div
    class="navbar"
  >
    <a
      href="./"
      style="background: transparent; color: rgb(245, 243, 245); text-decoration: none; display: flex;"
    >
      <header
        class="title"
        style="font-size: 2rem;"
      >
        R
        <span>
          une
        </span>
        <span
          class="titleAlt"
        >
          M
          <span>
            arkers
          </span>
        </span>
      </header>
    </a>
  </div>
  <div
    class="container"
  >
    <div
      class="innerContainer"
    >
      <div
        class="card"
      >
        <a
          class="imageContainer"
          href="/AbyssalSire"
        >
          <span
            style="box-sizing: border-box; display: inline-block; overflow: hidden; background: none; opacity: 1; border: 0px; margin: 0px; padding: 0px; position: relative; max-width: 100%;"
          >
            <span
              style="box-sizing: border-box; display: block; background: none; opacity: 1; border: 0px; margin: 0px; padding: 0px; max-width: 100%;"
            >
              <img
                alt=""
                aria-hidden="true"
                src="data:image/svg+xml,%3csvg%20xmlns=%27http://www.w3.org/2000/svg%27%20version=%271.1%27%20width=%27140%27%20height=%27140%27/%3e"
                style="display: block; max-width: 100%; background: none; opacity: 1; border: 0px; margin: 0px; padding: 0px;"
              />
            </span>
            <img
              alt="Abyssal Sire.png"
              class="image"
              data-nimg="intrinsic"
              decoding="async"
              src="data:image/gif;base64,R0lGODlhAQABAIAAAAAAAP///yH5BAEAAAAALAAAAAABAAEAAAIBRAA7"
              style="position: absolute; top: 0px; left: 0px; bottom: 0px; right: 0px; box-sizing: border-box; padding: 0px; margin: auto; display: block; width: 0px; height: 0px; min-width: 100%; max-width: 100%; min-height: 100%; max-height: 100%;"
            />
            <noscript />
          </span>
        </a>
        <div
          class="cardData"
        >
          <div
            class="entityInfo"
          >
            <a
              class="name"
              href="/AbyssalSire"
            >
              Abyssal Sire
            </a>
          </div>
          <div>
            <p
              class="tileCount"
            >
              1
               tile markers
            </p>
            <div
              class="tileInteraction"
            >
              <button
                class="button button"
              >
                Copy
                <div
                  class="animBar "
                />
              </button>
            </div>
          </div>
        </div>
      </div>
      <div
        class="linkContainer"
      >
        <a
          class="link"
          href="https://runelite.net/tile/show/#W3sicmVnaW9uSWQiOjExODUwLCJyZWdpb25YIjoyNSwicmVnaW9uWSI6MzQsInoiOjAsImNvbG9yIjoiI0ZGRkZGRjAwIn1d"
        >
          View Map on RuneLite
        </a>
        <a
          class="link"
          href="https://oldschool.runescape.wiki/w/Abyssal_Sire"
        >
          Wiki Page
        </a>
      </div>
      <div
        class="container"
      >
        <h2
          class="header"
        >
          Tile Data:
        </h2>
        <pre
          style="display: block; overflow-x: auto; background: rgb(29, 31, 33); color: rgb(197, 200, 198); padding: 20px; border-radius: 10px; background-color: rgb(59, 59, 55); box-shadow: 0px 0px 10px rgba(0, 0, 0, 0.5); word-break: break-all;"
        >
          <code
            class="language-JSON"
            style="white-space: pre-wrap;"
          >
            <span>
              <span>
                [{
              </span>
              <span
                class="hljs-attr"
              >
                "regionId"
              </span>
              <span>
                :
              </span>
              <span
                style="color: rgb(222, 147, 95);"
              >
                11850
              </span>
              <span>
                ,
              </span>
              <span
                class="hljs-attr"
              >
                "regionX"
              </span>
              <span>
                :
              </span>
              <span
                style="color: rgb(222, 147, 95);"
              >
                25
              </span>
              <span>
                ,
              </span>
              <span
                class="hljs-attr"
              >
                "regionY"
              </span>
              <span>
                :
              </span>
              <span
                style="color: rgb(222, 147, 95);"
              >
                34
              </span>
              <span>
                ,
              </span>
              <span
                class="hljs-attr"
              >
                "z"
              </span>
              <span>
                :
              </span>
              <span
                style="color: rgb(222, 147, 95);"
              >
                0
              </span>
              <span>
                ,
              </span>
              <span
                class="hljs-attr"
              >
                "color"
              </span>
              <span>
                :
              </span>
              <span
                style="color: rgb(181, 189, 104);"
              >
                "#FFFFFF00"
              </span>
              <span>
                }]
              </span>
            </span>
          </code>
        </pre>
      </div>
    </div>
  </div>
  <footer
    class="footer"
  >
    <div
      class="footerItem"
    >
      <p>
        Made by
        <a
          class="link"
          href="https://discord.com/users/167850724976361472"
        >
          <span
            style="box-sizing: border-box; display: inline-block; overflow: hidden; background: none; opacity: 1; border: 0px; margin: 0px; padding: 0px; position: relative; max-width: 100%;"
          >
            <span
              style="box-sizing: border-box; display: block; background: none; opacity: 1; border: 0px; margin: 0px; padding: 0px; max-width: 100%;"
            >
              <img
                alt=""
                aria-hidden="true"
                src="data:image/svg+xml,%3csvg%20xmlns=%27http://www.w3.org/2000/svg%27%20version=%271.1%27%20width=%2720%27%20height=%2720%27/%3e"
                style="display: block; max-width: 100%; background: none; opacity: 1; border: 0px; margin: 0px; padding: 0px;"
              />
            </span>
            <img
              alt="GitHub"
              data-nimg="intrinsic"
              decoding="async"
              src="data:image/gif;base64,R0lGODlhAQABAIAAAAAAAP///yH5BAEAAAAALAAAAAABAAEAAAIBRAA7"
              style="position: absolute; top: 0px; left: 0px; bottom: 0px; right: 0px; box-sizing: border-box; padding: 0px; margin: auto; display: block; width: 0px; height: 0px; min-width: 100%; max-width: 100%; min-height: 100%; max-height: 100%;"
            />
            <noscript />
          </span>
          <span>
            Jam#0001
          </span>
        </a>
      </p>
    </div>
    <div
      class="footerItem"
    >
      <a
        class="link"
        href="https://github.com/jamiegyoung/runemarkers"
      >
        <span
          style="box-sizing: border-box; display: inline-block; overflow: hidden; background: none; opacity: 1; border: 0px; margin: 0px; padding: 0px; position: relative; max-width: 100%;"
        >
          <span
            style="box-sizing: border-box; display: block; background: none; opacity: 1; border: 0px; margin: 0px; padding: 0px; max-width: 100%;"
          >
            <img
              alt=""
              aria-hidden="true"
              src="data:image/svg+xml,%3csvg%20xmlns=%27http://www.w3.org/2000/svg%27%20version=%271.1%27%20width=%2720%27%20height=%2720%27/%3e"
              style="display: block; max-width: 100%; background: none; opacity: 1; border: 0px; margin: 0px; padding: 0px;"
            />
          </span>
          <img
            alt="GitHub"
            data-nimg="intrinsic"
            decoding="async"
            src="data:image/gif;base64,R0lGODlhAQABAIAAAAAAAP///yH5BAEAAAAALAAAAAABAAEAAAIBRAA7"
            style="position: absolute; top: 0px; left: 0px; bottom: 0px; right: 0px; box-sizing: border-box; padding: 0px; margin: auto; display: block; width: 0px; height: 0px; min-width: 100%; max-width: 100%; min-height: 100%; max-height: 100%;"
          />
          <noscript />
        </span>
        <span>
          contribute code / tiles
        </span>
      </a>
    </div>
  </footer>
</div>
`;
