// Jest Snapshot v1, https://goo.gl/fbAQLP

exports[`CodeBlock should render correctly 1`] = `
<div>
  <div
    class="options"
  >
    <code
      aria-pressed="false"
      class="toggleShowAll "
      role="button"
    >
      show all (276 more characters)
    </code>
    <code
      aria-pressed="false"
      class="togglePretty "
      role="button"
    >
      pretty print
    </code>
  </div>
  <code
    class="code"
    style="white-space: normal;"
  >
    [{"re
...
  </code>
</div>
`;
