// Jest Snapshot v1, https://goo.gl/fbAQLP

exports[`Home should search correctly 1`] = `
<div>
  <div>
    <main
      class="main"
    >
      <div
        class="navbar"
      >
        <a
          class="link titleLink"
          href="/"
          rel=""
          target="_self"
        >
          <header
            class="title"
          >
            R
            <span>
              une
            </span>
            <span
              class="titleAlt"
            >
              M
              <span>
                arkers
              </span>
            </span>
            <span>
              .net
            </span>
          </header>
        </a>
      </div>
      <div
        class="container"
      >
        <p
          style="padding: 0px; color: rgb(199, 199, 199); text-align: center; min-width: 280px; margin-bottom: 15px; max-width: 600px; width: 80%;"
        >
          Make sure the "Ground Markers" plugin is enabled on RuneLite with "Remember color per tile" enabled. Copy the tile markers to your clipboard, right-click the world map button in-game and select "import".
        </p>
        <div
          class="listOperationsContainer grid"
        >
          <div
            style="display: flex; align-items: center; position: absolute; left: 50%; width: 100%; transform: translateX(-50%); justify-content: center;"
          >
            <input
              class="input "
              placeholder="search tiles"
              type="text"
              value="abyssal sire"
            />
            <button
              class="clearButton "
            >
              <svg
                height="24"
                width="24"
                xmlns="http://www.w3.org/2000/svg"
              >
                <path
                  d="M6.4 19.45 4.55 17.6l5.6-5.6-5.6-5.6L6.4 4.55l5.6 5.6 5.6-5.6 1.85 1.85-5.6 5.6 5.6 5.6-1.85 1.85-5.6-5.6Z"
                />
              </svg>
            </button>
          </div>
          <button
            aria-label="Change layout"
            class="button"
            title="Change layout"
            type="button"
          >
            <div
              class="innerButton"
            >
              <div
                class="buttonSection grid"
              />
              <div
                class="buttonSection grid"
              />
              <div
                class="buttonSection grid"
              />
              <div
                class="buttonSection grid"
              />
              <div
                class="buttonSection grid"
              />
              <div
                class="buttonSection grid"
              />
            </div>
          </button>
        </div>
        <div
          class="innerGridContainer"
        >
          <div
            class="card"
          >
            <a
              class="imageContainer"
              href="/abyssal%20sire"
            >
              <img
                alt="Abyssal Sire image"
                class="image"
                data-nimg="1"
                decoding="async"
                height="120"
                loading="lazy"
                src="/_next/image?url=https%3A%2F%2Foldschool.runescape.wiki%2Fimages%2Fthumb%2FAbyssal_Sire.png%2F120px-Abyssal_Sire.png&w=256&q=75"
                srcset="/_next/image?url=https%3A%2F%2Foldschool.runescape.wiki%2Fimages%2Fthumb%2FAbyssal_Sire.png%2F120px-Abyssal_Sire.png&w=128&q=75 1x, /_next/image?url=https%3A%2F%2Foldschool.runescape.wiki%2Fimages%2Fthumb%2FAbyssal_Sire.png%2F120px-Abyssal_Sire.png&w=256&q=75 2x"
                style="color: transparent; opacity: 0;"
                width="120"
              />
            </a>
            <div
              class="cardData"
            >
              <div
                class="entityInfo"
              >
                <a
                  class="name"
                  href="/abyssal%20sire"
                >
                  Abyssal Sire
                </a>
              </div>
              <div
                class="tileInteraction"
              >
                <p
                  class="tileCount"
                >
                  24
                   tile markers
                </p>
                <button
                  class="button button"
                >
                  Copy
                  <div
                    class="animBar "
                  />
                </button>
              </div>
            </div>
          </div>
        </div>
      </div>
      <footer
        class="footer"
      >
        <div
          class="footerItem"
        >
          <p>
            Made by
            <a
              class="link "
              href="https://discord.com/users/167850724976361472"
              rel="noopener noreferrer"
              target="_blank"
            >
              <img
                alt="GitHub"
                data-nimg="1"
                decoding="async"
                height="17"
                loading="lazy"
                src="/_next/image?url=%2Fdiscord.png&w=48&q=75"
                srcset="/_next/image?url=%2Fdiscord.png&w=32&q=75 1x, /_next/image?url=%2Fdiscord.png&w=48&q=75 2x"
                style="color: transparent;"
                width="20"
              />
              <span
                class="linkText"
              >
                jamgyo
              </span>
            </a>
          </p>
        </div>
        <div
          class="footerItem"
        >
          <a
            class="link "
            href="https://github.com/jamiegyoung/runemarkers"
            rel="noopener noreferrer"
            target="_blank"
          >
            <img
              alt="GitHub"
              data-nimg="1"
              decoding="async"
              height="20"
              loading="lazy"
              src="/_next/image?url=%2Fgithub.png&w=48&q=75"
              srcset="/_next/image?url=%2Fgithub.png&w=32&q=75 1x, /_next/image?url=%2Fgithub.png&w=48&q=75 2x"
              style="color: transparent;"
              width="20"
            />
            <span
              class="linkText"
            >
              contribute code / tiles
            </span>
          </a>
        </div>
      </footer>
    </main>
  </div>
</div>
`;
